
> react-kavia@0.1.0 start
> cross-env EDIT_MODE=true webpack serve --config .ve/webpack.config.js --mode development

<i> [webpack-dev-server] Project is running at:
<i> [webpack-dev-server] Loopback: http://localhost:3000/, http://[::1]:3000/
<i> [webpack-dev-server] On Your Network (IPv4): http://172.17.0.2:3000/
<i> [webpack-dev-server] Content not from webpack is served from './public' directory
Injecting EditorRootWrapper import: ../.ve/EditorRootWrapper
asset bundle.js 1.39 MiB [emitted] (name: main)
asset index.html 1.98 KiB [emitted]
runtime modules 27.5 KiB 14 modules
modules by path ./node_modules/ 1.24 MiB 31 modules
modules by path ./src/ 10.3 KiB
  modules by path ./src/*.css 7.49 KiB 4 modules
  modules by path ./src/*.js 2.76 KiB
    ./src/index.js 530 bytes [built] [code generated]
    ./src/App.js 2.24 KiB [built] [code generated]
modules by path ./.ve/ 15.1 KiB
  modules by path ./.ve/*.js 10.6 KiB 2 modules
  modules by path ./.ve/*.css 2.93 KiB
    ./.ve/EditorOverlay.css 2.25 KiB [built] [code generated]
    ./node_modules/css-loader/dist/cjs.js!./.ve/EditorOverlay.css 697 bytes [built] [code generated]
  ./.ve/EditorOverlay.jsx 1.58 KiB [built] [code generated]
webpack 5.99.9 compiled successfully in 1850 ms
assets by status 1.98 KiB [cached] 1 asset
assets by path *.js 1.44 MiB
  asset bundle.js 1.41 MiB [emitted] (name: main)
  asset main.e341042aeec211bde1b4.hot-update.js 28.5 KiB [emitted] [immutable] [hmr] (name: main)
asset main.e341042aeec211bde1b4.hot-update.json 28 bytes [emitted] [immutable] [hmr]
Entrypoint main 1.44 MiB = bundle.js 1.41 MiB main.e341042aeec211bde1b4.hot-update.js 28.5 KiB
cached modules 1.26 MiB [cached] 41 modules
runtime modules 27.5 KiB 14 modules
javascript modules 15.3 KiB
  modules by path ./src/*.js 8.32 KiB
    ./src/App.js 2.64 KiB [built] [code generated]
    ./src/Homepage.js 5.69 KiB [built] [code generated]
  modules by path ./src/*.css 7.01 KiB
    ./src/Homepage.css 2.24 KiB [built] [code generated]
    ./node_modules/css-loader/dist/cjs.js!./src/Homepage.css 4.77 KiB [built] [code generated]

ERROR in ./src/App.js 4:0-74
Module not found: Error: Can't resolve 'react-router-dom' in '/home/kavia/workspace/code-generation/hairfit-pro-64459-5a4c92b7/hairfit_pro_frontend/src'
resolve 'react-router-dom' in '/home/kavia/workspace/code-generation/hairfit-pro-64459-5a4c92b7/hairfit_pro_frontend/src'
  Parsed request is a module
  using description file: /home/kavia/workspace/code-generation/hairfit-pro-64459-5a4c92b7/hairfit_pro_frontend/package.json (relative path: ./src)
    Field 'browser' doesn't contain a valid alias configuration
    resolve as module
      /home/kavia/workspace/code-generation/hairfit-pro-64459-5a4c92b7/hairfit_pro_frontend/src/node_modules doesn't exist or is not a directory
      looking for modules in /home/kavia/workspace/code-generation/hairfit-pro-64459-5a4c92b7/hairfit_pro_frontend/node_modules
        single file module
          using description file: /home/kavia/workspace/code-generation/hairfit-pro-64459-5a4c92b7/hairfit_pro_frontend/package.json (relative path: ./node_modules/react-router-dom)
            no extension
              Field 'browser' doesn't contain a valid alias configuration
              /home/kavia/workspace/code-generation/hairfit-pro-64459-5a4c92b7/hairfit_pro_frontend/node_modules/react-router-dom doesn't exist
            .js
              Field 'browser' doesn't contain a valid alias configuration
              /home/kavia/workspace/code-generation/hairfit-pro-64459-5a4c92b7/hairfit_pro_frontend/node_modules/react-router-dom.js doesn't exist
            .jsx
              Field 'browser' doesn't contain a valid alias configuration
              /home/kavia/workspace/code-generation/hairfit-pro-64459-5a4c92b7/hairfit_pro_frontend/node_modules/react-router-dom.jsx doesn't exist
        /home/kavia/workspace/code-generation/hairfit-pro-64459-5a4c92b7/hairfit_pro_frontend/node_modules/react-router-dom doesn't exist
      /home/kavia/workspace/code-generation/hairfit-pro-64459-5a4c92b7/node_modules doesn't exist or is not a directory
      /home/kavia/workspace/code-generation/node_modules doesn't exist or is not a directory
      /home/kavia/workspace/node_modules doesn't exist or is not a directory
      /home/kavia/node_modules doesn't exist or is not a directory
      /home/node_modules doesn't exist or is not a directory
      /node_modules doesn't exist or is not a directory
 @ ./src/index.js 5:0-24 11:32-35

ERROR in ./src/Homepage.js 2:0-47
Module not found: Error: Can't resolve 'react-router-dom' in '/home/kavia/workspace/code-generation/hairfit-pro-64459-5a4c92b7/hairfit_pro_frontend/src'
resolve 'react-router-dom' in '/home/kavia/workspace/code-generation/hairfit-pro-64459-5a4c92b7/hairfit_pro_frontend/src'
  Parsed request is a module
  using description file: /home/kavia/workspace/code-generation/hairfit-pro-64459-5a4c92b7/hairfit_pro_frontend/package.json (relative path: ./src)
    Field 'browser' doesn't contain a valid alias configuration
    resolve as module
      /home/kavia/workspace/code-generation/hairfit-pro-64459-5a4c92b7/hairfit_pro_frontend/src/node_modules doesn't exist or is not a directory
      looking for modules in /home/kavia/workspace/code-generation/hairfit-pro-64459-5a4c92b7/hairfit_pro_frontend/node_modules
        single file module
          using description file: /home/kavia/workspace/code-generation/hairfit-pro-64459-5a4c92b7/hairfit_pro_frontend/package.json (relative path: ./node_modules/react-router-dom)
            no extension
              Field 'browser' doesn't contain a valid alias configuration
              /home/kavia/workspace/code-generation/hairfit-pro-64459-5a4c92b7/hairfit_pro_frontend/node_modules/react-router-dom doesn't exist
            .js
              Field 'browser' doesn't contain a valid alias configuration
              /home/kavia/workspace/code-generation/hairfit-pro-64459-5a4c92b7/hairfit_pro_frontend/node_modules/react-router-dom.js doesn't exist
            .jsx
              Field 'browser' doesn't contain a valid alias configuration
              /home/kavia/workspace/code-generation/hairfit-pro-64459-5a4c92b7/hairfit_pro_frontend/node_modules/react-router-dom.jsx doesn't exist
        /home/kavia/workspace/code-generation/hairfit-pro-64459-5a4c92b7/hairfit_pro_frontend/node_modules/react-router-dom doesn't exist
      /home/kavia/workspace/code-generation/hairfit-pro-64459-5a4c92b7/node_modules doesn't exist or is not a directory
      /home/kavia/workspace/code-generation/node_modules doesn't exist or is not a directory
      /home/kavia/workspace/node_modules doesn't exist or is not a directory
      /home/kavia/node_modules doesn't exist or is not a directory
      /home/node_modules doesn't exist or is not a directory
      /node_modules doesn't exist or is not a directory
 @ ./src/App.js 3:0-34 70:39-47
 @ ./src/index.js 5:0-24 11:32-35

webpack 5.99.9 compiled with 2 errors in 172 ms
Injecting EditorRootWrapper import: ../.ve/EditorRootWrapper
assets by path *.js 1.42 MiB
  asset bundle.js 1.41 MiB [emitted] (name: main)
  asset main.0b3b455bea7192f9b0e0.hot-update.js 854 bytes [emitted] [immutable] [hmr] (name: main)
asset index.html 1.98 KiB [emitted]
asset main.0b3b455bea7192f9b0e0.hot-update.json 28 bytes [emitted] [immutable] [hmr]
Entrypoint main 1.42 MiB = bundle.js 1.41 MiB main.0b3b455bea7192f9b0e0.hot-update.js 854 bytes
cached modules 1.26 MiB [cached] 39 modules
runtime modules 27.5 KiB 14 modules
javascript modules 21 KiB
  modules by path ./src/*.js 8.84 KiB
    ./src/index.js 530 bytes [built]
    ./src/App.js 2.64 KiB [built]
    ./src/Homepage.js 5.69 KiB [built]
  modules by path ./.ve/ 12.2 KiB
    ./.ve/EditorRootWrapper.js 2.68 KiB [built]
    ./.ve/EditorOverlay.jsx 1.58 KiB [built]
    ./.ve/SidePanel.js 7.93 KiB [built]

ERROR in ./src/App.js 4:0-74
Module not found: Error: Can't resolve 'react-router-dom' in '/home/kavia/workspace/code-generation/hairfit-pro-64459-5a4c92b7/hairfit_pro_frontend/src'
resolve 'react-router-dom' in '/home/kavia/workspace/code-generation/hairfit-pro-64459-5a4c92b7/hairfit_pro_frontend/src'
  Parsed request is a module
  using description file: /home/kavia/workspace/code-generation/hairfit-pro-64459-5a4c92b7/hairfit_pro_frontend/package.json (relative path: ./src)
    Field 'browser' doesn't contain a valid alias configuration
    resolve as module
      /home/kavia/workspace/code-generation/hairfit-pro-64459-5a4c92b7/hairfit_pro_frontend/src/node_modules doesn't exist or is not a directory
      looking for modules in /home/kavia/workspace/code-generation/hairfit-pro-64459-5a4c92b7/hairfit_pro_frontend/node_modules
        single file module
          using description file: /home/kavia/workspace/code-generation/hairfit-pro-64459-5a4c92b7/hairfit_pro_frontend/package.json (relative path: ./node_modules/react-router-dom)
            no extension
              Field 'browser' doesn't contain a valid alias configuration
              /home/kavia/workspace/code-generation/hairfit-pro-64459-5a4c92b7/hairfit_pro_frontend/node_modules/react-router-dom doesn't exist
            .js
              Field 'browser' doesn't contain a valid alias configuration
              /home/kavia/workspace/code-generation/hairfit-pro-64459-5a4c92b7/hairfit_pro_frontend/node_modules/react-router-dom.js doesn't exist
            .jsx
              Field 'browser' doesn't contain a valid alias configuration
              /home/kavia/workspace/code-generation/hairfit-pro-64459-5a4c92b7/hairfit_pro_frontend/node_modules/react-router-dom.jsx doesn't exist
        /home/kavia/workspace/code-generation/hairfit-pro-64459-5a4c92b7/hairfit_pro_frontend/node_modules/react-router-dom doesn't exist
      /home/kavia/workspace/code-generation/hairfit-pro-64459-5a4c92b7/node_modules doesn't exist or is not a directory
      /home/kavia/workspace/code-generation/node_modules doesn't exist or is not a directory
      /home/kavia/workspace/node_modules doesn't exist or is not a directory
      /home/kavia/node_modules doesn't exist or is not a directory
      /home/node_modules doesn't exist or is not a directory
      /node_modules doesn't exist or is not a directory
 @ ./src/index.js 5:0-24 11:32-35

ERROR in ./src/Homepage.js 2:0-47
Module not found: Error: Can't resolve 'react-router-dom' in '/home/kavia/workspace/code-generation/hairfit-pro-64459-5a4c92b7/hairfit_pro_frontend/src'
resolve 'react-router-dom' in '/home/kavia/workspace/code-generation/hairfit-pro-64459-5a4c92b7/hairfit_pro_frontend/src'
  Parsed request is a module
  using description file: /home/kavia/workspace/code-generation/hairfit-pro-64459-5a4c92b7/hairfit_pro_frontend/package.json (relative path: ./src)
    Field 'browser' doesn't contain a valid alias configuration
    resolve as module
      /home/kavia/workspace/code-generation/hairfit-pro-64459-5a4c92b7/hairfit_pro_frontend/src/node_modules doesn't exist or is not a directory
      looking for modules in /home/kavia/workspace/code-generation/hairfit-pro-64459-5a4c92b7/hairfit_pro_frontend/node_modules
        single file module
          using description file: /home/kavia/workspace/code-generation/hairfit-pro-64459-5a4c92b7/hairfit_pro_frontend/package.json (relative path: ./node_modules/react-router-dom)
            no extension
              Field 'browser' doesn't contain a valid alias configuration
              /home/kavia/workspace/code-generation/hairfit-pro-64459-5a4c92b7/hairfit_pro_frontend/node_modules/react-router-dom doesn't exist
            .js
              Field 'browser' doesn't contain a valid alias configuration
              /home/kavia/workspace/code-generation/hairfit-pro-64459-5a4c92b7/hairfit_pro_frontend/node_modules/react-router-dom.js doesn't exist
            .jsx
              Field 'browser' doesn't contain a valid alias configuration
              /home/kavia/workspace/code-generation/hairfit-pro-64459-5a4c92b7/hairfit_pro_frontend/node_modules/react-router-dom.jsx doesn't exist
        /home/kavia/workspace/code-generation/hairfit-pro-64459-5a4c92b7/hairfit_pro_frontend/node_modules/react-router-dom doesn't exist
      /home/kavia/workspace/code-generation/hairfit-pro-64459-5a4c92b7/node_modules doesn't exist or is not a directory
      /home/kavia/workspace/code-generation/node_modules doesn't exist or is not a directory
      /home/kavia/workspace/node_modules doesn't exist or is not a directory
      /home/kavia/node_modules doesn't exist or is not a directory
      /home/node_modules doesn't exist or is not a directory
      /node_modules doesn't exist or is not a directory
 @ ./src/App.js 3:0-34 70:39-47
 @ ./src/index.js 5:0-24 11:32-35

webpack 5.99.9 compiled with 2 errors in 195 ms
assets by status 1.98 KiB [cached] 1 asset
assets by path *.js 1.42 MiB
  asset bundle.js 1.41 MiB [emitted] (name: main)
  asset main.1011bd2ab379b01e6c76.hot-update.js 854 bytes [emitted] [immutable] [hmr] (name: main)
asset main.1011bd2ab379b01e6c76.hot-update.json 28 bytes [emitted] [immutable] [hmr]
Entrypoint main 1.42 MiB = bundle.js 1.41 MiB main.1011bd2ab379b01e6c76.hot-update.js 854 bytes
cached modules 1.28 MiB [cached] 45 modules
runtime modules 27.5 KiB 14 modules

LOG from webpack.FileSystemInfo
<w> Managed item /home/kavia/workspace/code-generation/hairfit-pro-64459-5a4c92b7/hairfit_pro_frontend/node_modules/react-router-dom isn't a directory or doesn't contain a package.json (see snapshot.managedPaths option)
+ 13 hidden lines

ERROR in ./src/App.js 4:0-74
Module not found: Error: Can't resolve 'react-router-dom' in '/home/kavia/workspace/code-generation/hairfit-pro-64459-5a4c92b7/hairfit_pro_frontend/src'
resolve 'react-router-dom' in '/home/kavia/workspace/code-generation/hairfit-pro-64459-5a4c92b7/hairfit_pro_frontend/src'
  Parsed request is a module
  using description file: /home/kavia/workspace/code-generation/hairfit-pro-64459-5a4c92b7/hairfit_pro_frontend/package.json (relative path: ./src)
    Field 'browser' doesn't contain a valid alias configuration
    resolve as module
      /home/kavia/workspace/code-generation/hairfit-pro-64459-5a4c92b7/hairfit_pro_frontend/src/node_modules doesn't exist or is not a directory
      looking for modules in /home/kavia/workspace/code-generation/hairfit-pro-64459-5a4c92b7/hairfit_pro_frontend/node_modules
        single file module
          using description file: /home/kavia/workspace/code-generation/hairfit-pro-64459-5a4c92b7/hairfit_pro_frontend/package.json (relative path: ./node_modules/react-router-dom)
            no extension
              Field 'browser' doesn't contain a valid alias configuration
              /home/kavia/workspace/code-generation/hairfit-pro-64459-5a4c92b7/hairfit_pro_frontend/node_modules/react-router-dom is not a file
            .js
              Field 'browser' doesn't contain a valid alias configuration
              /home/kavia/workspace/code-generation/hairfit-pro-64459-5a4c92b7/hairfit_pro_frontend/node_modules/react-router-dom.js doesn't exist
            .jsx
              Field 'browser' doesn't contain a valid alias configuration
              /home/kavia/workspace/code-generation/hairfit-pro-64459-5a4c92b7/hairfit_pro_frontend/node_modules/react-router-dom.jsx doesn't exist
        existing directory /home/kavia/workspace/code-generation/hairfit-pro-64459-5a4c92b7/hairfit_pro_frontend/node_modules/react-router-dom
          using description file: /home/kavia/workspace/code-generation/hairfit-pro-64459-5a4c92b7/hairfit_pro_frontend/package.json (relative path: ./node_modules/react-router-dom)
            using description file: /home/kavia/workspace/code-generation/hairfit-pro-64459-5a4c92b7/hairfit_pro_frontend/package.json (relative path: ./node_modules/react-router-dom)
              no extension
                Field 'browser' doesn't contain a valid alias configuration
                /home/kavia/workspace/code-generation/hairfit-pro-64459-5a4c92b7/hairfit_pro_frontend/node_modules/react-router-dom is not a file
              .js
                Field 'browser' doesn't contain a valid alias configuration
                /home/kavia/workspace/code-generation/hairfit-pro-64459-5a4c92b7/hairfit_pro_frontend/node_modules/react-router-dom.js doesn't exist
              .jsx
                Field 'browser' doesn't contain a valid alias configuration
                /home/kavia/workspace/code-generation/hairfit-pro-64459-5a4c92b7/hairfit_pro_frontend/node_modules/react-router-dom.jsx doesn't exist
              as directory
                existing directory /home/kavia/workspace/code-generation/hairfit-pro-64459-5a4c92b7/hairfit_pro_frontend/node_modules/react-router-dom
                  using description file: /home/kavia/workspace/code-generation/hairfit-pro-64459-5a4c92b7/hairfit_pro_frontend/package.json (relative path: ./node_modules/react-router-dom)
                    using path: /home/kavia/workspace/code-generation/hairfit-pro-64459-5a4c92b7/hairfit_pro_frontend/node_modules/react-router-dom/index
                      using description file: /home/kavia/workspace/code-generation/hairfit-pro-64459-5a4c92b7/hairfit_pro_frontend/package.json (relative path: ./node_modules/react-router-dom/index)
                        no extension
                          Field 'browser' doesn't contain a valid alias configuration
                          /home/kavia/workspace/code-generation/hairfit-pro-64459-5a4c92b7/hairfit_pro_frontend/node_modules/react-router-dom/index doesn't exist
                        .js
                          Field 'browser' doesn't contain a valid alias configuration
                          /home/kavia/workspace/code-generation/hairfit-pro-64459-5a4c92b7/hairfit_pro_frontend/node_modules/react-router-dom/index.js doesn't exist
                        .jsx
                          Field 'browser' doesn't contain a valid alias configuration
                          /home/kavia/workspace/code-generation/hairfit-pro-64459-5a4c92b7/hairfit_pro_frontend/node_modules/react-router-dom/index.jsx doesn't exist
      /home/kavia/workspace/code-generation/hairfit-pro-64459-5a4c92b7/node_modules doesn't exist or is not a directory
      /home/kavia/workspace/code-generation/node_modules doesn't exist or is not a directory
      /home/kavia/workspace/node_modules doesn't exist or is not a directory
      /home/kavia/node_modules doesn't exist or is not a directory
      /home/node_modules doesn't exist or is not a directory
      /node_modules doesn't exist or is not a directory
 @ ./src/index.js 5:0-24 11:32-35

ERROR in ./src/Homepage.js 2:0-47
Module not found: Error: Can't resolve 'react-router-dom' in '/home/kavia/workspace/code-generation/hairfit-pro-64459-5a4c92b7/hairfit_pro_frontend/src'
resolve 'react-router-dom' in '/home/kavia/workspace/code-generation/hairfit-pro-64459-5a4c92b7/hairfit_pro_frontend/src'
  Parsed request is a module
  using description file: /home/kavia/workspace/code-generation/hairfit-pro-64459-5a4c92b7/hairfit_pro_frontend/package.json (relative path: ./src)
    Field 'browser' doesn't contain a valid alias configuration
    resolve as module
      /home/kavia/workspace/code-generation/hairfit-pro-64459-5a4c92b7/hairfit_pro_frontend/src/node_modules doesn't exist or is not a directory
      looking for modules in /home/kavia/workspace/code-generation/hairfit-pro-64459-5a4c92b7/hairfit_pro_frontend/node_modules
        single file module
          using description file: /home/kavia/workspace/code-generation/hairfit-pro-64459-5a4c92b7/hairfit_pro_frontend/package.json (relative path: ./node_modules/react-router-dom)
            no extension
              Field 'browser' doesn't contain a valid alias configuration
              /home/kavia/workspace/code-generation/hairfit-pro-64459-5a4c92b7/hairfit_pro_frontend/node_modules/react-router-dom is not a file
            .js
              Field 'browser' doesn't contain a valid alias configuration
              /home/kavia/workspace/code-generation/hairfit-pro-64459-5a4c92b7/hairfit_pro_frontend/node_modules/react-router-dom.js doesn't exist
            .jsx
              Field 'browser' doesn't contain a valid alias configuration
              /home/kavia/workspace/code-generation/hairfit-pro-64459-5a4c92b7/hairfit_pro_frontend/node_modules/react-router-dom.jsx doesn't exist
        existing directory /home/kavia/workspace/code-generation/hairfit-pro-64459-5a4c92b7/hairfit_pro_frontend/node_modules/react-router-dom
          using description file: /home/kavia/workspace/code-generation/hairfit-pro-64459-5a4c92b7/hairfit_pro_frontend/package.json (relative path: ./node_modules/react-router-dom)
            using description file: /home/kavia/workspace/code-generation/hairfit-pro-64459-5a4c92b7/hairfit_pro_frontend/package.json (relative path: ./node_modules/react-router-dom)
              no extension
                Field 'browser' doesn't contain a valid alias configuration
                /home/kavia/workspace/code-generation/hairfit-pro-64459-5a4c92b7/hairfit_pro_frontend/node_modules/react-router-dom is not a file
              .js
                Field 'browser' doesn't contain a valid alias configuration
                /home/kavia/workspace/code-generation/hairfit-pro-64459-5a4c92b7/hairfit_pro_frontend/node_modules/react-router-dom.js doesn't exist
              .jsx
                Field 'browser' doesn't contain a valid alias configuration
                /home/kavia/workspace/code-generation/hairfit-pro-64459-5a4c92b7/hairfit_pro_frontend/node_modules/react-router-dom.jsx doesn't exist
              as directory
                existing directory /home/kavia/workspace/code-generation/hairfit-pro-64459-5a4c92b7/hairfit_pro_frontend/node_modules/react-router-dom
                  using description file: /home/kavia/workspace/code-generation/hairfit-pro-64459-5a4c92b7/hairfit_pro_frontend/package.json (relative path: ./node_modules/react-router-dom)
                    using path: /home/kavia/workspace/code-generation/hairfit-pro-64459-5a4c92b7/hairfit_pro_frontend/node_modules/react-router-dom/index
                      using description file: /home/kavia/workspace/code-generation/hairfit-pro-64459-5a4c92b7/hairfit_pro_frontend/package.json (relative path: ./node_modules/react-router-dom/index)
                        no extension
                          Field 'browser' doesn't contain a valid alias configuration
                          /home/kavia/workspace/code-generation/hairfit-pro-64459-5a4c92b7/hairfit_pro_frontend/node_modules/react-router-dom/index doesn't exist
                        .js
                          Field 'browser' doesn't contain a valid alias configuration
                          /home/kavia/workspace/code-generation/hairfit-pro-64459-5a4c92b7/hairfit_pro_frontend/node_modules/react-router-dom/index.js doesn't exist
                        .jsx
                          Field 'browser' doesn't contain a valid alias configuration
                          /home/kavia/workspace/code-generation/hairfit-pro-64459-5a4c92b7/hairfit_pro_frontend/node_modules/react-router-dom/index.jsx doesn't exist
      /home/kavia/workspace/code-generation/hairfit-pro-64459-5a4c92b7/node_modules doesn't exist or is not a directory
      /home/kavia/workspace/code-generation/node_modules doesn't exist or is not a directory
      /home/kavia/workspace/node_modules doesn't exist or is not a directory
      /home/kavia/node_modules doesn't exist or is not a directory
      /home/node_modules doesn't exist or is not a directory
      /node_modules doesn't exist or is not a directory
 @ ./src/App.js 3:0-34 70:39-47
 @ ./src/index.js 5:0-24 11:32-35

webpack 5.99.9 compiled with 2 errors in 40 ms
assets by status 2.84 KiB [cached] 3 assets
asset bundle.js 1.75 MiB [emitted] (name: main)
Entrypoint main 1.75 MiB = bundle.js 1.75 MiB main.0b3b455bea7192f9b0e0.hot-update.js 854 bytes
cached modules 1.27 MiB [cached] 43 modules
runtime modules 28.7 KiB 15 modules
javascript modules 316 KiB
  built modules 307 KiB [built]
    ./node_modules/react-router/dist/index.js 59.3 KiB [built] [code generated]
    ./node_modules/react-router-dom/dist/index.js 55.4 KiB [built] [code generated]
    ./node_modules/@remix-run/router/dist/router.js 193 KiB [built] [code generated]
  modules by path ./src/*.js 8.32 KiB
    ./src/App.js 2.64 KiB [code generated]
    ./src/Homepage.js 5.69 KiB [code generated]
webpack 5.99.9 compiled successfully in 228 ms
Injecting EditorRootWrapper import: ../.ve/EditorRootWrapper
assets by path *.js 1.75 MiB
  asset bundle.js 1.75 MiB [emitted] (name: main)
  asset main.ca7b7bd651667367253d.hot-update.js 854 bytes [emitted] [immutable] [hmr] (name: main)
asset index.html 1.98 KiB [emitted]
asset main.ca7b7bd651667367253d.hot-update.json 28 bytes [emitted] [immutable] [hmr]
Entrypoint main 1.75 MiB = bundle.js 1.75 MiB main.ca7b7bd651667367253d.hot-update.js 854 bytes
cached modules 1.56 MiB [cached] 42 modules
runtime modules 28.7 KiB 15 modules
javascript modules 21 KiB
  modules by path ./src/*.js 8.84 KiB
    ./src/index.js 530 bytes [built]
    ./src/App.js 2.64 KiB [built]
    ./src/Homepage.js 5.69 KiB [built]
  modules by path ./.ve/ 12.2 KiB
    ./.ve/EditorRootWrapper.js 2.68 KiB [built]
    ./.ve/EditorOverlay.jsx 1.58 KiB [built]
    ./.ve/SidePanel.js 7.93 KiB [built]
webpack 5.99.9 compiled successfully in 158 ms
